flutter : Support for Android x86 targets will be removed 
in the next stable release after 3.27. See 
https://github.com/flutter/flutter/issues/157543 for 
details.
At line:1 char:1
+ flutter build apk --debug 2>&1 | Out-File -FilePath 
C:\Users\Moath\Do ...
+ ~~~~~~~~~~~~~~~~~~~~~~~~~~~~~~
    + CategoryInfo          : NotSpecified: (Support for  
   And...43 for details.:String) [], RemoteException
    + FullyQualifiedErrorId : NativeCommandError
 
